[0m01:44:20.062564 [debug] [MainThread]: Sending event: {'category': 'dbt', 'action': 'invocation', 'label': 'start', 'context': [<snowplow_tracker.self_describing_json.SelfDescribingJson object at 0x7907d96b0cb0>, <snowplow_tracker.self_describing_json.SelfDescribingJson object at 0x7907da5d26f0>, <snowplow_tracker.self_describing_json.SelfDescribingJson object at 0x7907db308c80>]}


============================== 01:44:20.066273 | 8e6ffce7-13be-492a-993a-8bfb529c29cb ==============================
[0m01:44:20.066273 [info ] [MainThread]: Running with dbt=1.12.0
[0m01:44:20.066965 [debug] [MainThread]: running dbt with arguments {'log_format': 'default', 'maximum_seed_size_mib': '1', 'quiet': 'False', 'profiles_dir': '/home/broly/.dbt', 'write_json': 'True', 'partial_parse': 'True', 'invocation_command': 'dbt init veille_prix_dbt', 'introspect': 'True', 'printer_width': '80', 'warn_error': 'None', 'version_check': 'True', 'warn_error_options': 'WarnErrorOptionsV2(error=[], warn=[], silence=[])', 'use_colors': 'True', 'indirect_selection': 'eager', 'send_anonymous_usage_stats': 'True', 'empty': 'None', 'fail_fast': 'False', 'log_path': 'logs', 'debug': 'False', 'target_path': 'None', 'no_print': 'None', 'static_parser': 'True', 'hints_enabled': 'True', 'use_experimental_parser': 'False', 'cache_selected_only': 'False', 'log_cache_events': 'False'}
[0m01:44:20.077675 [debug] [MainThread]: Starter project path: /home/broly/Mes_Projets/Veille_Prix_Agricoles/.venv/lib/python3.12/site-packages/dbt/include/starter_project
[0m01:44:20.079773 [info ] [MainThread]: Setting up your profile.
[0m01:45:44.322347 [info ] [MainThread]: Profile veille_prix_dbt written to /home/broly/.dbt/profiles.yml using target's profile_template.yml and your supplied values.
[0m01:45:44.327679 [info ] [MainThread]: Running dbt debug to validate the project...
[0m01:45:44.329911 [info ] [MainThread]: dbt version: 1.12.0
[0m01:45:44.331046 [info ] [MainThread]: python version: 3.12.3
[0m01:45:44.331962 [info ] [MainThread]: python path: /home/broly/Mes_Projets/Veille_Prix_Agricoles/.venv/bin/python3
[0m01:45:44.332849 [info ] [MainThread]: os info: Linux-7.0.11-76070011-generic-x86_64-with-glibc2.39
[0m01:45:44.383547 [info ] [MainThread]: Using profiles dir at /home/broly/.dbt
[0m01:45:44.384205 [info ] [MainThread]: Using profiles.yml file at /home/broly/.dbt/profiles.yml
[0m01:45:44.384711 [info ] [MainThread]: Using dbt_project.yml file at /home/broly/Mes_Projets/Veille_Prix_Agricoles/veille_prix_dbt/dbt_project.yml
[0m01:45:44.385591 [info ] [MainThread]: adapter type: postgres
[0m01:45:44.386223 [info ] [MainThread]: adapter version: 1.11.0
[0m01:45:44.516521 [info ] [MainThread]: Configuration:
[0m01:45:44.517026 [info ] [MainThread]:   profiles.yml file [[32mOK found and valid[0m]
[0m01:45:44.517452 [info ] [MainThread]:   dbt_project.yml file [[32mOK found and valid[0m]
[0m01:45:44.517885 [info ] [MainThread]: Required dependencies:
[0m01:45:44.518366 [debug] [MainThread]: Executing "git --help"
[0m01:45:44.520275 [debug] [MainThread]: STDOUT: "b"usage : git [-v | --version] [-h | --help] [-C <path>] [-c <name>=<value>]\n           [--exec-path[=<path>]] [--html-path] [--man-path] [--info-path]\n           [-p | --paginate | -P | --no-pager] [--no-replace-objects] [--bare]\n           [--git-dir=<path>] [--work-tree=<path>] [--namespace=<name>]\n           [--config-env=<name>=<envvar>] <command> [<args>]\n\nCi-dessous les commandes Git habituelles dans diverses situations\xc2\xa0:\n\nd\xc3\xa9marrer une zone de travail (voir aussi\xc2\xa0: git help tutorial)\n   clone     Cloner un d\xc3\xa9p\xc3\xb4t dans un nouveau r\xc3\xa9pertoire\n   init      Cr\xc3\xa9er un d\xc3\xa9p\xc3\xb4t Git vide ou r\xc3\xa9initialiser un existant\n\ntravailler sur la modification actuelle (voir aussi\xc2\xa0: git help revisions)\n   add       Ajouter le contenu de fichiers dans l'index\n   mv        D\xc3\xa9placer ou renommer un fichier, un r\xc3\xa9pertoire, ou un lien symbolique\n   restore   Restaurer les fichiers l'arbre de travail\n   rm        Supprimer des fichiers de la copie de travail et de l'index\n\nexaminer l'historique et l'\xc3\xa9tat (voir aussi\xc2\xa0: git help revisions)\n   bisect    Trouver par recherche binaire la modification qui a introduit un bogue\n   diff      Afficher les changements entre les validations, entre validation et copie de travail, etc\n   grep      Afficher les lignes correspondant \xc3\xa0 un motif\n   log       Afficher l'historique des validations\n   show      Afficher diff\xc3\xa9rents types d'objets\n   status    Afficher l'\xc3\xa9tat de la copie de travail\n\nagrandir, marquer et modifier votre historique\n   branch    Lister, cr\xc3\xa9er ou supprimer des branches\n   commit    Enregistrer les modifications dans le d\xc3\xa9p\xc3\xb4t\n   merge     Fusionner deux ou plusieurs historiques de d\xc3\xa9veloppement ensemble\n   rebase    R\xc3\xa9application des commits sur le sommet de l'autre base\n   reset     R\xc3\xa9initialiser la HEAD courante \xc3\xa0 l'\xc3\xa9tat sp\xc3\xa9cifi\xc3\xa9\n   switch    Basculer de branche\n   tag       Cr\xc3\xa9er, lister, supprimer ou v\xc3\xa9rifier un objet d'\xc3\xa9tiquette sign\xc3\xa9 avec GPG\n\ncollaborer (voir aussi\xc2\xa0: git help workflows)\n   fetch     T\xc3\xa9l\xc3\xa9charger les objets et r\xc3\xa9f\xc3\xa9rences depuis un autre d\xc3\xa9p\xc3\xb4t\n   pull      Rapatrier et int\xc3\xa9grer un autre d\xc3\xa9p\xc3\xb4t ou une branche locale\n   push      Mettre \xc3\xa0 jour les r\xc3\xa9f\xc3\xa9rences distantes ainsi que les objets associ\xc3\xa9s\n\n'git help -a' et 'git help -g' listent les sous-commandes disponibles et\nquelques concepts. Voir 'git help <commande>' ou 'git help <concept>'\npour en lire plus \xc3\xa0 propos d'une commande sp\xc3\xa9cifique ou d'un concept.\nVoir 'git help git' pour un survol du syst\xc3\xa8me.\n""
[0m01:45:44.520799 [debug] [MainThread]: STDERR: "b''"
[0m01:45:44.521167 [info ] [MainThread]:  - git [[32mOK found[0m]

[0m01:45:44.521568 [info ] [MainThread]: Connection:
[0m01:45:44.521958 [info ] [MainThread]:   host: localhost
[0m01:45:44.522341 [info ] [MainThread]:   port: 5432
[0m01:45:44.522710 [info ] [MainThread]:   user: broly
[0m01:45:44.523069 [info ] [MainThread]:   database: veille_prix_agricoles
[0m01:45:44.523455 [info ] [MainThread]:   schema: dbt_dev
[0m01:45:44.523840 [info ] [MainThread]:   connect_timeout: 10
[0m01:45:44.524223 [info ] [MainThread]:   role: None
[0m01:45:44.524688 [info ] [MainThread]:   search_path: None
[0m01:45:44.525151 [info ] [MainThread]:   keepalives_idle: 0
[0m01:45:44.525553 [info ] [MainThread]:   sslmode: None
[0m01:45:44.525920 [info ] [MainThread]:   sslcert: None
[0m01:45:44.526300 [info ] [MainThread]:   sslkey: None
[0m01:45:44.526663 [info ] [MainThread]:   sslrootcert: None
[0m01:45:44.527042 [info ] [MainThread]:   application_name: dbt
[0m01:45:44.527436 [info ] [MainThread]:   autocommit: False
[0m01:45:44.527849 [info ] [MainThread]:   retries: 1
[0m01:45:44.528422 [info ] [MainThread]: Registered adapter: postgres=1.11.0
[0m01:45:44.602440 [debug] [MainThread]: Acquiring new postgres connection 'debug'
[0m01:45:44.622698 [debug] [MainThread]: Using postgres connection "debug"
[0m01:45:44.623137 [debug] [MainThread]: On debug: select 1 as id
[0m01:45:44.623453 [debug] [MainThread]: Opening a new connection, currently in state init
[0m01:45:44.663936 [debug] [MainThread]: SQL status: SELECT 1 in 0.040 seconds
[0m01:45:44.664973 [debug] [MainThread]: On debug: Close
[0m01:45:44.665630 [info ] [MainThread]:   Connection test: [[32mOK connection ok[0m]

[0m01:45:44.666016 [info ] [MainThread]: [32mAll checks passed![0m
[0m01:45:44.666463 [info ] [MainThread]: Your new dbt project "veille_prix_dbt" was created!
Initialized new project in /home/broly/Mes_Projets/Veille_Prix_Agricoles/veille_prix_dbt/veille_prix_dbt

For more information on how to configure the profiles.yml file,
please consult the dbt documentation here:

  https://docs.getdbt.com/docs/configure-your-profile

One more thing:

Need help? Don't hesitate to reach out to us via GitHub issues or on Slack:

  https://community.getdbt.com/

Happy modeling!

[0m01:45:44.667599 [debug] [MainThread]: Resource report: {"command_name": "init", "command_success": true, "command_wall_clock_time": 84.69061, "process_in_blocks": "28208", "process_kernel_time": 0.132856, "process_mem_max_rss": "124832", "process_out_blocks": "96", "process_user_time": 2.027803}
[0m01:45:44.668165 [debug] [MainThread]: Command `dbt init` succeeded at 01:45:44.668033 after 84.69 seconds
[0m01:45:44.668523 [debug] [MainThread]: Connection 'debug' was properly closed.
[0m01:45:44.668933 [debug] [MainThread]: Sending event: {'category': 'dbt', 'action': 'invocation', 'label': 'end', 'context': [<snowplow_tracker.self_describing_json.SelfDescribingJson object at 0x7907d9692300>, <snowplow_tracker.self_describing_json.SelfDescribingJson object at 0x7907d98f6330>, <snowplow_tracker.self_describing_json.SelfDescribingJson object at 0x7907d81c6e70>]}
[0m01:45:44.669370 [debug] [MainThread]: Flushing usage events
[0m01:45:50.853585 [debug] [MainThread]: An error was encountered while trying to flush usage events
